Archive member included to satisfy reference by file (symbol)

/Applications/STM32CubeIDE.app/Contents/Eclipse/plugins/com.st.stm32cube.ide.mcu.externaltools.gnu-tools-for-stm32.11.3.rel1.macos64_1.1.1.202309131626/tools/bin/../lib/gcc/arm-none-eabi/11.3.1/../../../../arm-none-eabi/lib/thumb/v7e-m+fp/hard/libc_nano.a(libc_a-exit.o)
                              /Applications/STM32CubeIDE.app/Contents/Eclipse/plugins/com.st.stm32cube.ide.mcu.externaltools.gnu-tools-for-stm32.11.3.rel1.macos64_1.1.1.202309131626/tools/bin/../lib/gcc/arm-none-eabi/11.3.1/../../../../arm-none-eabi/lib/thumb/v7e-m+fp/hard/crt0.o (exit)
/Applications/STM32CubeIDE.app/Contents/Eclipse/plugins/com.st.stm32cube.ide.mcu.externaltools.gnu-tools-for-stm32.11.3.rel1.macos64_1.1.1.202309131626/tools/bin/../lib/gcc/arm-none-eabi/11.3.1/../../../../arm-none-eabi/lib/thumb/v7e-m+fp/hard/libc_nano.a(libc_a-findfp.o)
                              /Applications/STM32CubeIDE.app/Contents/Eclipse/plugins/com.st.stm32cube.ide.mcu.externaltools.gnu-tools-for-stm32.11.3.rel1.macos64_1.1.1.202309131626/tools/bin/../lib/gcc/arm-none-eabi/11.3.1/../../../../arm-none-eabi/lib/thumb/v7e-m+fp/hard/libc_nano.a(libc_a-exit.o) (__stdio_exit_handler)
/Applications/STM32CubeIDE.app/Contents/Eclipse/plugins/com.st.stm32cube.ide.mcu.externaltools.gnu-tools-for-stm32.11.3.rel1.macos64_1.1.1.202309131626/tools/bin/../lib/gcc/arm-none-eabi/11.3.1/../../../../arm-none-eabi/lib/thumb/v7e-m+fp/hard/libc_nano.a(libc_a-fwalk.o)
                              /Applications/STM32CubeIDE.app/Contents/Eclipse/plugins/com.st.stm32cube.ide.mcu.externaltools.gnu-tools-for-stm32.11.3.rel1.macos64_1.1.1.202309131626/tools/bin/../lib/gcc/arm-none-eabi/11.3.1/../../../../arm-none-eabi/lib/thumb/v7e-m+fp/hard/libc_nano.a(libc_a-findfp.o) (_fwalk_sglue)
/Applications/STM32CubeIDE.app/Contents/Eclipse/plugins/com.st.stm32cube.ide.mcu.externaltools.gnu-tools-for-stm32.11.3.rel1.macos64_1.1.1.202309131626/tools/bin/../lib/gcc/arm-none-eabi/11.3.1/../../../../arm-none-eabi/lib/thumb/v7e-m+fp/hard/libc_nano.a(libc_a-memset.o)
                              /Applications/STM32CubeIDE.app/Contents/Eclipse/plugins/com.st.stm32cube.ide.mcu.externaltools.gnu-tools-for-stm32.11.3.rel1.macos64_1.1.1.202309131626/tools/bin/../lib/gcc/arm-none-eabi/11.3.1/../../../../arm-none-eabi/lib/thumb/v7e-m+fp/hard/crt0.o (memset)
/Applications/STM32CubeIDE.app/Contents/Eclipse/plugins/com.st.stm32cube.ide.mcu.externaltools.gnu-tools-for-stm32.11.3.rel1.macos64_1.1.1.202309131626/tools/bin/../lib/gcc/arm-none-eabi/11.3.1/../../../../arm-none-eabi/lib/thumb/v7e-m+fp/hard/libc_nano.a(libc_a-impure.o)
                              /Applications/STM32CubeIDE.app/Contents/Eclipse/plugins/com.st.stm32cube.ide.mcu.externaltools.gnu-tools-for-stm32.11.3.rel1.macos64_1.1.1.202309131626/tools/bin/../lib/gcc/arm-none-eabi/11.3.1/../../../../arm-none-eabi/lib/thumb/v7e-m+fp/hard/libc_nano.a(libc_a-findfp.o) (_impure_data)
/Applications/STM32CubeIDE.app/Contents/Eclipse/plugins/com.st.stm32cube.ide.mcu.externaltools.gnu-tools-for-stm32.11.3.rel1.macos64_1.1.1.202309131626/tools/bin/../lib/gcc/arm-none-eabi/11.3.1/../../../../arm-none-eabi/lib/thumb/v7e-m+fp/hard/libc_nano.a(libc_a-errno.o)
                              ./Core/Src/syscalls.o (__errno)
/Applications/STM32CubeIDE.app/Contents/Eclipse/plugins/com.st.stm32cube.ide.mcu.externaltools.gnu-tools-for-stm32.11.3.rel1.macos64_1.1.1.202309131626/tools/bin/../lib/gcc/arm-none-eabi/11.3.1/../../../../arm-none-eabi/lib/thumb/v7e-m+fp/hard/libc_nano.a(libc_a-init.o)
                              /Applications/STM32CubeIDE.app/Contents/Eclipse/plugins/com.st.stm32cube.ide.mcu.externaltools.gnu-tools-for-stm32.11.3.rel1.macos64_1.1.1.202309131626/tools/bin/../lib/gcc/arm-none-eabi/11.3.1/../../../../arm-none-eabi/lib/thumb/v7e-m+fp/hard/crt0.o (__libc_init_array)
/Applications/STM32CubeIDE.app/Contents/Eclipse/plugins/com.st.stm32cube.ide.mcu.externaltools.gnu-tools-for-stm32.11.3.rel1.macos64_1.1.1.202309131626/tools/bin/../lib/gcc/arm-none-eabi/11.3.1/../../../../arm-none-eabi/lib/thumb/v7e-m+fp/hard/libc_nano.a(libc_a-lock.o)
                              /Applications/STM32CubeIDE.app/Contents/Eclipse/plugins/com.st.stm32cube.ide.mcu.externaltools.gnu-tools-for-stm32.11.3.rel1.macos64_1.1.1.202309131626/tools/bin/../lib/gcc/arm-none-eabi/11.3.1/../../../../arm-none-eabi/lib/thumb/v7e-m+fp/hard/libc_nano.a(libc_a-findfp.o) (__retarget_lock_init_recursive)
/Applications/STM32CubeIDE.app/Contents/Eclipse/plugins/com.st.stm32cube.ide.mcu.externaltools.gnu-tools-for-stm32.11.3.rel1.macos64_1.1.1.202309131626/tools/bin/../lib/gcc/arm-none-eabi/11.3.1/../../../../arm-none-eabi/lib/thumb/v7e-m+fp/hard/libc_nano.a(libc_a-mallocr.o)
[...]
Memory Configuration

Name             Origin             Length             Attributes
RAM              0x0000000020000000 0x0000000000020000 xrw
FLASH            0x0000000008000000 0x0000000000080000 xr
*default*        0x0000000000000000 0xffffffffffffffff

Linker script and memory map

LOAD /Applications/STM32CubeIDE.app/Contents/Eclipse/plugins/com.st.stm32cube.ide.mcu.externaltools.gnu-tools-for-stm32.11.3.rel1.macos64_1.1.1.202309131626/tools/bin/../lib/gcc/arm-none-eabi/11.3.1/thumb/v7e-m+fp/hard/crti.o
LOAD /Applications/STM32CubeIDE.app/Contents/Eclipse/plugins/com.st.stm32cube.ide.mcu.externaltools.gnu-tools-for-stm32.11.3.rel1.macos64_1.1.1.202309131626/tools/bin/../lib/gcc/arm-none-eabi/11.3.1/thumb/v7e-m+fp/hard/crtbegin.o
LOAD /Applications/STM32CubeIDE.app/Contents/Eclipse/plugins/com.st.stm32cube.ide.mcu.externaltools.gnu-tools-for-stm32.11.3.rel1.macos64_1.1.1.202309131626/tools/bin/../lib/gcc/arm-none-eabi/11.3.1/../../../../arm-none-eabi/lib/thumb/v7e-m+fp/hard/crt0.o
LOAD ./Core/Src/fatfs_sd.o
LOAD ./Core/Src/main.o
LOAD ./Core/Src/stm32f4xx_hal_msp.o
LOAD ./Core/Src/stm32f4xx_it.o
LOAD ./Core/Src/syscalls.o
LOAD ./Core/Src/sysmem.o
LOAD ./Core/Src/system_stm32f4xx.o
LOAD ./Core/Startup/startup_stm32f446retx.o
LOAD ./Drivers/STM32F4xx_HAL_Driver/Src/stm32f4xx_hal.o
LOAD ./Drivers/STM32F4xx_HAL_Driver/Src/stm32f4xx_hal_cortex.o
LOAD ./Drivers/STM32F4xx_HAL_Driver/Src/stm32f4xx_hal_dma.o
LOAD ./Drivers/STM32F4xx_HAL_Driver/Src/stm32f4xx_hal_dma_ex.o
LOAD ./Drivers/STM32F4xx_HAL_Driver/Src/stm32f4xx_hal_exti.o
LOAD ./Drivers/STM32F4xx_HAL_Driver/Src/stm32f4xx_hal_flash.o
LOAD ./Drivers/STM32F4xx_HAL_Driver/Src/stm32f4xx_hal_flash_ex.o
LOAD ./Drivers/STM32F4xx_HAL_Driver/Src/stm32f4xx_hal_flash_ramfunc.o
LOAD ./Drivers/STM32F4xx_HAL_Driver/Src/stm32f4xx_hal_gpio.o
LOAD ./Drivers/STM32F4xx_HAL_Driver/Src/stm32f4xx_hal_pwr.o
LOAD ./Drivers/STM32F4xx_HAL_Driver/Src/stm32f4xx_hal_pwr_ex.o
LOAD ./Drivers/STM32F4xx_HAL_Driver/Src/stm32f4xx_hal_rcc.o
LOAD ./Drivers/STM32F4xx_HAL_Driver/Src/stm32f4xx_hal_rcc_ex.o
LOAD ./Drivers/STM32F4xx_HAL_Driver/Src/stm32f4xx_hal_spi.o
LOAD ./Drivers/STM32F4xx_HAL_Driver/Src/stm32f4xx_hal_tim.o
LOAD ./Drivers/STM32F4xx_HAL_Driver/Src/stm32f4xx_hal_tim_ex.o
LOAD ./Drivers/STM32F4xx_HAL_Driver/Src/stm32f4xx_hal_uart.o
LOAD ./FATFS/App/fatfs.o
LOAD ./FATFS/Target/user_diskio.o
LOAD ./Middlewares/Third_Party/FatFs/src/diskio.o
LOAD ./Middlewares/Third_Party/FatFs/src/ff.o
LOAD ./Middlewares/Third_Party/FatFs/src/ff_gen_drv.o
LOAD ./Middlewares/Third_Party/FatFs/src/option/ccsbcs.o
LOAD ./Middlewares/Third_Party/FatFs/src/option/syscall.o
START GROUP
LOAD /Applications/STM32CubeIDE.app/Contents/Eclipse/plugins/com.st.stm32cube.ide.mcu.externaltools.gnu-tools-for-stm32.11.3.rel1.macos64_1.1.1.202309131626/tools/bin/../lib/gcc/arm-none-eabi/11.3.1/../../../../arm-none-eabi/lib/thumb/v7e-m+fp/hard/libc_nano.a
LOAD /Applications/STM32CubeIDE.app/Contents/Eclipse/plugins/com.st.stm32cube.ide.mcu.externaltools.gnu-tools-for-stm32.11.3.rel1.macos64_1.1.1.202309131626/tools/bin/../lib/gcc/arm-none-eabi/11.3.1/../../../../arm-none-eabi/lib/thumb/v7e-m+fp/hard/libm.a
END GROUP
START GROUP
LOAD /Applications/STM32CubeIDE.app/Contents/Eclipse/plugins/com.st.stm32cube.ide.mcu.externaltools.gnu-tools-for-stm32.11.3.rel1.macos64_1.1.1.202309131626/tools/bin/../lib/gcc/arm-none-eabi/11.3.1/thumb/v7e-m+fp/hard/libgcc.a
LOAD /Applications/STM32CubeIDE.app/Contents/Eclipse/plugins/com.st.stm32cube.ide.mcu.externaltools.gnu-tools-for-stm32.11.3.rel1.macos64_1.1.1.202309131626/tools/bin/../lib/gcc/arm-none-eabi/11.3.1/../../../../arm-none-eabi/lib/thumb/v7e-m+fp/hard/libc_nano.a
END GROUP
START GROUP
LOAD /Applications/STM32CubeIDE.app/Contents/Eclipse/plugins/com.st.stm32cube.ide.mcu.externaltools.gnu-tools-for-stm32.11.3.rel1.macos64_1.1.1.202309131626/tools/bin/../lib/gcc/arm-none-eabi/11.3.1/thumb/v7e-m+fp/hard/libgcc.a
LOAD /Applications/STM32CubeIDE.app/Contents/Eclipse/plugins/com.st.stm32cube.ide.mcu.externaltools.gnu-tools-for-stm32.11.3.rel1.macos64_1.1.1.202309131626/tools/bin/../lib/gcc/arm-none-eabi/11.3.1/../../../../arm-none-eabi/lib/thumb/v7e-m+fp/hard/libc_nano.a
LOAD /Applications/STM32CubeIDE.app/Contents/Eclipse/plugins/com.st.stm32cube.ide.mcu.externaltools.gnu-tools-for-stm32.11.3.rel1.macos64_1.1.1.202309131626/tools/bin/../lib/gcc/arm-none-eabi/11.3.1/../../../../arm-none-eabi/lib/thumb/v7e-m+fp/hard/libnosys.a
END GROUP
START GROUP
LOAD /Applications/STM32CubeIDE.app/Contents/Eclipse/plugins/com.st.stm32cube.ide.mcu.externaltools.gnu-tools-for-stm32.11.3.rel1.macos64_1.1.1.202309131626/tools/bin/../lib/gcc/arm-none-eabi/11.3.1/thumb/v7e-m+fp/hard/libgcc.a
LOAD /Applications/STM32CubeIDE.app/Contents/Eclipse/plugins/com.st.stm32cube.ide.mcu.externaltools.gnu-tools-for-stm32.11.3.rel1.macos64_1.1.1.202309131626/tools/bin/../lib/gcc/arm-none-eabi/11.3.1/../../../../arm-none-eabi/lib/thumb/v7e-m+fp/hard/libc_nano.a
LOAD /Applications/STM32CubeIDE.app/Contents/Eclipse/plugins/com.st.stm32cube.ide.mcu.externaltools.gnu-tools-for-stm32.11.3.rel1.macos64_1.1.1.202309131626/tools/bin/../lib/gcc/arm-none-eabi/11.3.1/../../../../arm-none-eabi/lib/thumb/v7e-m+fp/hard/libnosys.a
END GROUP
LOAD /Applications/STM32CubeIDE.app/Contents/Eclipse/plugins/com.st.stm32cube.ide.mcu.externaltools.gnu-tools-for-stm32.11.3.rel1.macos64_1.1.1.202309131626/tools/bin/../lib/gcc/arm-none-eabi/11.3.1/thumb/v7e-m+fp/hard/crtend.o
LOAD /Applications/STM32CubeIDE.app/Contents/Eclipse/plugins/com.st.stm32cube.ide.mcu.externaltools.gnu-tools-for-stm32.11.3.rel1.macos64_1.1.1.202309131626/tools/bin/../lib/gcc/arm-none-eabi/11.3.1/thumb/v7e-m+fp/hard/crtn.o
                0x0000000020020000                _estack = (ORIGIN (RAM) + LENGTH (RAM))
                0x0000000000000200                _Min_Heap_Size = 0x200
                0x0000000000000400                _Min_Stack_Size = 0x400

.isr_vector     0x0000000008000000      0x1c4
                0x0000000008000000                . = ALIGN (0x4)
 *(.isr_vector)
 .isr_vector    0x0000000008000000      0x1c4 ./Core/Startup/startup_stm32f446retx.o
                0x0000000008000000                g_pfnVectors
                0x00000000080001c4                . = ALIGN (0x4)

.text           0x00000000080001c4     0x6794
                0x00000000080001c4                . = ALIGN (0x4)
 *(.text)
 .text          0x00000000080001c4       0x40 /Applications/STM32CubeIDE.app/Contents/Eclipse/plugins/com.st.stm32cube.ide.mcu.externaltools.gnu-tools-for-stm32.11.3.rel1.macos64_1.1.1.202309131626/tools/bin/../lib/gcc/arm-none-eabi/11.3.1/thumb/v7e-m+fp/hard/crtbegin.o
 .text          0x0000000008000204       0x30 /Applications/STM32CubeIDE.app/Contents/Eclipse/plugins/com.st.stm32cube.ide.mcu.externaltools.gnu-tools-for-stm32.11.3.rel1.macos64_1.1.1.202309131626/tools/bin/../lib/gcc/arm-none-eabi/11.3.1/thumb/v7e-m+fp/hard/libgcc.a(_aeabi_uldivmod.o)
                0x0000000008000204                __aeabi_uldivmod
 .text          0x0000000008000234      0x2c8 /Applications/STM32CubeIDE.app/Contents/Eclipse/plugins/com.st.stm32cube.ide.mcu.externaltools.gnu-tools-for-stm32.11.3.rel1.macos64_1.1.1.202309131626/tools/bin/../lib/gcc/arm-none-eabi/11.3.1/thumb/v7e-m+fp/hard/libgcc.a(_udivmoddi4.o)
                0x0000000008000234                __udivmoddi4
 .text          0x00000000080004fc        0x4 /Applications/STM32CubeIDE.app/Contents/Eclipse/plugins/com.st.stm32cube.ide.mcu.externaltools.gnu-tools-for-stm32.11.3.rel1.macos64_1.1.1.202309131626/tools/bin/../lib/gcc/arm-none-eabi/11.3.1/thumb/v7e-m+fp/hard/libgcc.a(_dvmd_tls.o)
                0x00000000080004fc                __aeabi_ldiv0
                0x00000000080004fc                __aeabi_idiv0
 *(.text*)
 .text.SELECT   0x0000000008000500       0x1c ./Core/Src/fatfs_sd.o
 .text.DESELECT
                0x000000000800051c       0x1c ./Core/Src/fatfs_sd.o
 .text.SPI_TxByte
                0x0000000008000538       0x34 ./Core/Src/fatfs_sd.o
 .text.SPI_TxBuffer
                0x000000000800056c       0x34 ./Core/Src/fatfs_sd.o
 .text.SPI_RxByte
                0x00000000080005a0       0x38 ./Core/Src/fatfs_sd.o
 .text.SPI_RxBytePtr
                0x00000000080005d8       0x1c ./Core/Src/fatfs_sd.o
 .text.SD_ReadyWait
                0x00000000080005f4       0x34 ./Core/Src/fatfs_sd.o
 .text.SD_PowerOn
                0x0000000008000628       0x84 ./Core/Src/fatfs_sd.o
 .text.SD_PowerOff
                0x00000000080006ac       0x18 ./Core/Src/fatfs_sd.o
 .text.SD_CheckPower
                0x00000000080006c4       0x18 ./Core/Src/fatfs_sd.o
 .text.SD_RxDataBlock
                0x00000000080006dc       0x5c ./Core/Src/fatfs_sd.o
 .text.SD_TxDataBlock
                0x0000000008000738       0x86 ./Core/Src/fatfs_sd.o
 .text.SD_SendCmd
                0x00000000080007be       0xa8 ./Core/Src/fatfs_sd.o
 *fill*         0x0000000008000866        0x2 
 .text.SD_disk_initialize
                0x0000000008000868      0x1cc ./Core/Src/fatfs_sd.o
                0x0000000008000868                SD_disk_initialize
 .text.SD_disk_status
                0x0000000008000a34       0x2c ./Core/Src/fatfs_sd.o
                0x0000000008000a34                SD_disk_status
 .text.SD_disk_read
                0x0000000008000a60       0xd4 ./Core/Src/fatfs_sd.o
                0x0000000008000a60                SD_disk_read
 .text.SD_disk_write
                0x0000000008000b34      0x108 ./Core/Src/fatfs_sd.o
                0x0000000008000b34                SD_disk_write
 .text.SD_disk_ioctl
                0x0000000008000c3c      0x258 ./Core/Src/fatfs_sd.o
                0x0000000008000c3c                SD_disk_ioctl
 .text.main     0x0000000008000e94       0x68 ./Core/Src/main.o
                0x0000000008000e94                main
 .text.SystemClock_Config
                0x0000000008000efc       0xdc ./Core/Src/main.o
                0x0000000008000efc                SystemClock_Config
 .text.MX_SPI1_Init
                0x0000000008000fd8       0x6c ./Core/Src/main.o
 .text.MX_USART2_UART_Init
                0x0000000008001044       0x54 ./Core/Src/main.o
 .text.MX_GPIO_Init
                0x0000000008001098       0xdc ./Core/Src/main.o
 .text.Error_Handler
                0x0000000008001174        0xa ./Core/Src/main.o
                0x0000000008001174                Error_Handler
 *fill*         0x000000000800117e        0x2 
 .text.HAL_MspInit
                0x0000000008001180       0x50 ./Core/Src/stm32f4xx_hal_msp.o
                0x0000000008001180                HAL_MspInit
 .text.HAL_SPI_MspInit
                0x00000000080011d0       0x90 ./Core/Src/stm32f4xx_hal_msp.o
                0x00000000080011d0                HAL_SPI_MspInit
 .text.HAL_UART_MspInit
                0x0000000008001260       0x90 ./Core/Src/stm32f4xx_hal_msp.o
                0x0000000008001260                HAL_UART_MspInit
 .text.NMI_Handler
                0x00000000080012f0        0x6 ./Core/Src/stm32f4xx_it.o
                0x00000000080012f0                NMI_Handler
 .text.HardFault_Handler
                0x00000000080012f6        0x6 ./Core/Src/stm32f4xx_it.o
                0x00000000080012f6                HardFault_Handler
 .text.MemManage_Handler
                0x00000000080012fc        0x6 ./Core/Src/stm32f4xx_it.o
                0x00000000080012fc                MemManage_Handler
 .text.BusFault_Handler
                0x0000000008001302        0x6 ./Core/Src/stm32f4xx_it.o
                0x0000000008001302                BusFault_Handler
 .text.UsageFault_Handler
                0x0000000008001308        0x6 ./Core/Src/stm32f4xx_it.o
                0x0000000008001308                UsageFault_Handler
 .text.SVC_Handler
                0x000000000800130e        0xe ./Core/Src/stm32f4xx_it.o
                0x000000000800130e                SVC_Handler
 .text.DebugMon_Handler
                0x000000000800131c        0xe ./Core/Src/stm32f4xx_it.o
                0x000000000800131c                DebugMon_Handler
 .text.PendSV_Handler
                0x000000000800132a        0xe ./Core/Src/stm32f4xx_it.o
                0x000000000800132a                PendSV_Handler
 .text.SysTick_Handler
                0x0000000008001338       0x3c ./Core/Src/stm32f4xx_it.o
                0x0000000008001338                SysTick_Handler
 .text.SystemInit
                0x0000000008001374       0x24 ./Core/Src/system_stm32f4xx.o
                0x0000000008001374                SystemInit
 .text.Reset_Handler
                0x0000000008001398       0x50 ./Core/Startup/startup_stm32f446retx.o
                0x0000000008001398                Reset_Handler
 .text.Default_Handler
                0x00000000080013e8        0x2 ./Core/Startup/startup_stm32f446retx.o
                0x00000000080013e8                DMA1_Stream3_IRQHandler
                0x00000000080013e8                EXTI2_IRQHandler
                0x00000000080013e8                TIM8_CC_IRQHandler
                0x00000000080013e8                FMPI2C1_EV_IRQHandler
                0x00000000080013e8                SPI4_IRQHandler
                0x00000000080013e8                TIM1_CC_IRQHandler
                0x00000000080013e8                DMA2_Stream5_IRQHandler
                0x00000000080013e8                DMA1_Stream5_IRQHandler
                0x00000000080013e8                PVD_IRQHandler
                0x00000000080013e8                SDIO_IRQHandler
                0x00000000080013e8                TAMP_STAMP_IRQHandler
                0x00000000080013e8                CAN2_RX1_IRQHandler
                0x00000000080013e8                EXTI3_IRQHandler
                0x00000000080013e8                TIM8_TRG_COM_TIM14_IRQHandler
                0x00000000080013e8                TIM1_UP_TIM10_IRQHandler
                0x00000000080013e8                TIM8_UP_TIM13_IRQHandler
                0x00000000080013e8                I2C3_ER_IRQHandler
                0x00000000080013e8                EXTI0_IRQHandler
                0x00000000080013e8                I2C2_EV_IRQHandler
                0x00000000080013e8                DMA1_Stream2_IRQHandler
                0x00000000080013e8                CAN1_RX0_IRQHandler
                0x00000000080013e8                FPU_IRQHandler
                0x00000000080013e8                OTG_HS_WKUP_IRQHandler
                0x00000000080013e8                CAN2_SCE_IRQHandler
                0x00000000080013e8                DMA2_Stream2_IRQHandler
                0x00000000080013e8                SPI1_IRQHandler
                0x00000000080013e8                TIM6_DAC_IRQHandler
                0x00000000080013e8                TIM1_BRK_TIM9_IRQHandler
                0x00000000080013e8                DCMI_IRQHandler
                0x00000000080013e8                CAN2_RX0_IRQHandler
                0x00000000080013e8                DMA2_Stream3_IRQHandler
                0x00000000080013e8                SAI2_IRQHandler
                0x00000000080013e8                USART6_IRQHandler
                0x00000000080013e8                USART3_IRQHandler
                0x00000000080013e8                CAN1_RX1_IRQHandler
                0x00000000080013e8                UART5_IRQHandler
                0x00000000080013e8                DMA2_Stream0_IRQHandler
                0x00000000080013e8                TIM4_IRQHandler
                0x00000000080013e8                QUADSPI_IRQHandler
                0x00000000080013e8                I2C1_EV_IRQHandler
                0x00000000080013e8                DMA1_Stream6_IRQHandler
                0x00000000080013e8                DMA1_Stream1_IRQHandler
                0x00000000080013e8                UART4_IRQHandler
                0x00000000080013e8                TIM3_IRQHandler
                0x00000000080013e8                RCC_IRQHandler
                0x00000000080013e8                TIM8_BRK_TIM12_IRQHandler
                0x00000000080013e8                Default_Handler
                0x00000000080013e8                CEC_IRQHandler
                0x00000000080013e8                EXTI15_10_IRQHandler
                0x00000000080013e8                ADC_IRQHandler
                0x00000000080013e8                DMA1_Stream7_IRQHandler
                0x00000000080013e8                TIM7_IRQHandler
                0x00000000080013e8                CAN2_TX_IRQHandler
                0x00000000080013e8                TIM5_IRQHandler
                0x00000000080013e8                DMA2_Stream7_IRQHandler
                0x00000000080013e8                I2C3_EV_IRQHandler
                0x00000000080013e8                EXTI9_5_IRQHandler
                0x00000000080013e8                RTC_WKUP_IRQHandler
                0x00000000080013e8                SPDIF_RX_IRQHandler
                0x00000000080013e8                SPI2_IRQHandler
                0x00000000080013e8                OTG_HS_EP1_IN_IRQHandler
                0x00000000080013e8                DMA1_Stream0_IRQHandler
                0x00000000080013e8                CAN1_TX_IRQHandler
                0x00000000080013e8                FMPI2C1_ER_IRQHandler
                0x00000000080013e8                EXTI4_IRQHandler
                0x00000000080013e8                OTG_HS_EP1_OUT_IRQHandler
                0x00000000080013e8                WWDG_IRQHandler
                0x00000000080013e8                TIM2_IRQHandler
                0x00000000080013e8                OTG_FS_WKUP_IRQHandler
                0x00000000080013e8                TIM1_TRG_COM_TIM11_IRQHandler
                0x00000000080013e8                OTG_HS_IRQHandler
                0x00000000080013e8                EXTI1_IRQHandler
                0x00000000080013e8                USART2_IRQHandler
                0x00000000080013e8                I2C2_ER_IRQHandler
                0x00000000080013e8                DMA2_Stream1_IRQHandler
                0x00000000080013e8                CAN1_SCE_IRQHandler
                0x00000000080013e8                FLASH_IRQHandler
                0x00000000080013e8                DMA2_Stream4_IRQHandler
                0x00000000080013e8                USART1_IRQHandler
                0x00000000080013e8                OTG_FS_IRQHandler
                0x00000000080013e8                SPI3_IRQHandler
                0x00000000080013e8                DMA1_Stream4_IRQHandler
                0x00000000080013e8                I2C1_ER_IRQHandler
                0x00000000080013e8                FMC_IRQHandler
                0x00000000080013e8                DMA2_Stream6_IRQHandler
                0x00000000080013e8                SAI1_IRQHandler
                0x00000000080013e8                RTC_Alarm_IRQHandler
 *fill*         0x00000000080013ea        0x2 
 .text.HAL_Init
                0x00000000080013ec       0x44 ./Drivers/STM32F4xx_HAL_Driver/Src/stm32f4xx_hal.o
                0x00000000080013ec                HAL_Init
 .text.HAL_InitTick
                0x0000000008001430       0x60 ./Drivers/STM32F4xx_HAL_Driver/Src/stm32f4xx_hal.o
                0x0000000008001430                HAL_InitTick
 .text.HAL_IncTick
                0x0000000008001490       0x28 ./Drivers/STM32F4xx_HAL_Driver/Src/stm32f4xx_hal.o
                0x0000000008001490                HAL_IncTick
 .text.HAL_GetTick
                0x00000000080014b8       0x18 ./Drivers/STM32F4xx_HAL_Driver/Src/stm32f4xx_hal.o
                0x00000000080014b8                HAL_GetTick
 .text.HAL_Delay
                0x00000000080014d0       0x48 ./Drivers/STM32F4xx_HAL_Driver/Src/stm32f4xx_hal.o
                0x00000000080014d0                HAL_Delay
 .text.__NVIC_SetPriorityGrouping
                0x0000000008001518       0x48 ./Drivers/STM32F4xx_HAL_Driver/Src/stm32f4xx_hal_cortex.o
 .text.__NVIC_GetPriorityGrouping
                0x0000000008001560       0x1c ./Drivers/STM32F4xx_HAL_Driver/Src/stm32f4xx_hal_cortex.o
 .text.__NVIC_SetPriority
                0x000000000800157c       0x54 ./Drivers/STM32F4xx_HAL_Driver/Src/stm32f4xx_hal_cortex.o
 .text.NVIC_EncodePriority
                0x00000000080015d0       0x66 ./Drivers/STM32F4xx_HAL_Driver/Src/stm32f4xx_hal_cortex.o
 *fill*         0x0000000008001636        0x2 
 .text.SysTick_Config
                0x0000000008001638       0x44 ./Drivers/STM32F4xx_HAL_Driver/Src/stm32f4xx_hal_cortex.o
 .text.HAL_NVIC_SetPriorityGrouping
                0x000000000800167c       0x16 ./Drivers/STM32F4xx_HAL_Driver/Src/stm32f4xx_hal_cortex.o
                0x000000000800167c                HAL_NVIC_SetPriorityGrouping
 .text.HAL_NVIC_SetPriority
                0x0000000008001692       0x38 ./Drivers/STM32F4xx_HAL_Driver/Src/stm32f4xx_hal_cortex.o
                0x0000000008001692                HAL_NVIC_SetPriority
 .text.HAL_SYSTICK_Config
                0x00000000080016ca       0x18 ./Drivers/STM32F4xx_HAL_Driver/Src/stm32f4xx_hal_cortex.o
                0x00000000080016ca                HAL_SYSTICK_Config
 *fill*         0x00000000080016e2        0x2 
 .text.HAL_GPIO_Init
                0x00000000080016e4      0x328 ./Drivers/STM32F4xx_HAL_Driver/Src/stm32f4xx_hal_gpio.o
                0x00000000080016e4                HAL_GPIO_Init
 .text.HAL_GPIO_WritePin
                0x0000000008001a0c       0x32 ./Drivers/STM32F4xx_HAL_Driver/Src/stm32f4xx_hal_gpio.o
                0x0000000008001a0c                HAL_GPIO_WritePin
 *fill*         0x0000000008001a3e        0x2 
 .text.HAL_RCC_ClockConfig
                0x0000000008001a40      0x1cc ./Drivers/STM32F4xx_HAL_Driver/Src/stm32f4xx_hal_rcc.o
                0x0000000008001a40                HAL_RCC_ClockConfig
 .text.HAL_RCC_GetHCLKFreq
                0x0000000008001c0c       0x18 ./Drivers/STM32F4xx_HAL_Driver/Src/stm32f4xx_hal_rcc.o
                0x0000000008001c0c                HAL_RCC_GetHCLKFreq
 .text.HAL_RCC_GetPCLK1Freq
                0x0000000008001c24       0x28 ./Drivers/STM32F4xx_HAL_Driver/Src/stm32f4xx_hal_rcc.o
                0x0000000008001c24                HAL_RCC_GetPCLK1Freq
 .text.HAL_RCC_GetPCLK2Freq
                0x0000000008001c4c       0x28 ./Drivers/STM32F4xx_HAL_Driver/Src/stm32f4xx_hal_rcc.o
                0x0000000008001c4c                HAL_RCC_GetPCLK2Freq
 .text.HAL_RCC_GetSysClockFreq
                0x0000000008001c74      0x460 ./Drivers/STM32F4xx_HAL_Driver/Src/stm32f4xx_hal_rcc_ex.o
                0x0000000008001c74                HAL_RCC_GetSysClockFreq
 .text.HAL_RCC_OscConfig
                0x00000000080020d4      0x53c ./Drivers/STM32F4xx_HAL_Driver/Src/stm32f4xx_hal_rcc_ex.o
                0x00000000080020d4                HAL_RCC_OscConfig
 .text.HAL_SPI_Init
                0x0000000008002610      0x112 ./Drivers/STM32F4xx_HAL_Driver/Src/stm32f4xx_hal_spi.o
                0x0000000008002610                HAL_SPI_Init
 .text.HAL_SPI_Transmit
                0x0000000008002722      0x278 ./Drivers/STM32F4xx_HAL_Driver/Src/stm32f4xx_hal_spi.o
                0x0000000008002722                HAL_SPI_Transmit
 .text.HAL_SPI_TransmitReceive
                0x000000000800299a      0x344 ./Drivers/STM32F4xx_HAL_Driver/Src/stm32f4xx_hal_spi.o
                0x000000000800299a                HAL_SPI_TransmitReceive
 *fill*         0x0000000008002cde        0x2 
 .text.SPI_WaitFlagStateUntilTimeout
                0x0000000008002ce0      0x110 ./Drivers/STM32F4xx_HAL_Driver/Src/stm32f4xx_hal_spi.o
 .text.SPI_EndRxTxTransaction
                0x0000000008002df0       0x84 ./Drivers/STM32F4xx_HAL_Driver/Src/stm32f4xx_hal_spi.o
 .text.HAL_UART_Init
                0x0000000008002e74       0x9a ./Drivers/STM32F4xx_HAL_Driver/Src/stm32f4xx_hal_uart.o
                0x0000000008002e74                HAL_UART_Init
 *fill*         0x0000000008002f0e        0x2 
 .text.UART_SetConfig
                0x0000000008002f10      0x4e8 ./Drivers/STM32F4xx_HAL_Driver/Src/stm32f4xx_hal_uart.o
 .text.MX_FATFS_Init
                0x00000000080033f8       0x24 ./FATFS/App/fatfs.o
                0x00000000080033f8                MX_FATFS_Init
 .text.get_fattime
                0x000000000800341c       0x10 ./FATFS/App/fatfs.o
                0x000000000800341c                get_fattime
 .text.USER_initialize
                0x000000000800342c       0x1c ./FATFS/Target/user_diskio.o
                0x000000000800342c                USER_initialize
 .text.USER_status
                0x0000000008003448       0x1c ./FATFS/Target/user_diskio.o
                0x0000000008003448                USER_status
 .text.USER_read
                0x0000000008003464       0x26 ./FATFS/Target/user_diskio.o
                0x0000000008003464                USER_read
 .text.USER_write
                0x000000000800348a       0x26 ./FATFS/Target/user_diskio.o
                0x000000000800348a                USER_write
 .text.USER_ioctl
                0x00000000080034b0       0x26 ./FATFS/Target/user_diskio.o
                0x00000000080034b0                USER_ioctl
 *fill*         0x00000000080034d6        0x2 
 .text.disk_status
                0x00000000080034d8       0x34 ./Middlewares/Third_Party/FatFs/src/diskio.o
                0x00000000080034d8                disk_status
 .text.disk_initialize
                0x000000000800350c       0x4c ./Middlewares/Third_Party/FatFs/src/diskio.o
                0x000000000800350c                disk_initialize
 .text.disk_read
                0x0000000008003558       0x40 ./Middlewares/Third_Party/FatFs/src/diskio.o
                0x0000000008003558                disk_read
 .text.disk_write
                0x0000000008003598       0x40 ./Middlewares/Third_Party/FatFs/src/diskio.o
                0x0000000008003598                disk_write
 .text.disk_ioctl
                0x00000000080035d8       0x3c ./Middlewares/Third_Party/FatFs/src/diskio.o
                0x00000000080035d8                disk_ioctl
 .text.ld_word  0x0000000008003614       0x30 ./Middlewares/Third_Party/FatFs/src/ff.o
 .text.ld_dword
                0x0000000008003644       0x46 ./Middlewares/Third_Party/FatFs/src/ff.o
 .text.st_word  0x000000000800368a       0x36 ./Middlewares/Third_Party/FatFs/src/ff.o
 .text.st_dword
                0x00000000080036c0       0x58 ./Middlewares/Third_Party/FatFs/src/ff.o
 .text.mem_cpy  0x0000000008003718       0x42 ./Middlewares/Third_Party/FatFs/src/ff.o
 .text.mem_set  0x000000000800375a       0x36 ./Middlewares/Third_Party/FatFs/src/ff.o
 .text.mem_cmp  0x0000000008003790       0x4e ./Middlewares/Third_Party/FatFs/src/ff.o
 .text.chk_chr  0x00000000080037de       0x36 ./Middlewares/Third_Party/FatFs/src/ff.o
 .text.chk_lock
                0x0000000008003814       0xb8 ./Middlewares/Third_Party/FatFs/src/ff.o
 .text.enq_lock
                0x00000000080038cc       0x44 ./Middlewares/Third_Party/FatFs/src/ff.o
 .text.inc_lock
                0x0000000008003910      0x11c ./Middlewares/Third_Party/FatFs/src/ff.o
 .text.dec_lock
                0x0000000008003a2c       0x78 ./Middlewares/Third_Party/FatFs/src/ff.o
 .text.clear_lock
                0x0000000008003aa4       0x48 ./Middlewares/Third_Party/FatFs/src/ff.o
 .text.sync_window
                0x0000000008003aec       0x88 ./Middlewares/Third_Party/FatFs/src/ff.o
 .text.move_window
                0x0000000008003b74       0x5a ./Middlewares/Third_Party/FatFs/src/ff.o
 *fill*         0x0000000008003bce        0x2 
 .text.sync_fs  0x0000000008003bd0       0xe0 ./Middlewares/Third_Party/FatFs/src/ff.o
 .text.clust2sect
                0x0000000008003cb0       0x3e ./Middlewares/Third_Party/FatFs/src/ff.o
 .text.get_fat  0x0000000008003cee      0x1a8 ./Middlewares/Third_Party/FatFs/src/ff.o
 .text.put_fat  0x0000000008003e96      0x234 ./Middlewares/Third_Party/FatFs/src/ff.o
 .text.remove_chain
                0x00000000080040ca       0xca ./Middlewares/Third_Party/FatFs/src/ff.o
 .text.create_chain
                0x0000000008004194      0x130 ./Middlewares/Third_Party/FatFs/src/ff.o
 .text.clmt_clust
                0x00000000080042c4       0x70 ./Middlewares/Third_Party/FatFs/src/ff.o
 .text.dir_sdi  0x0000000008004334      0x112 ./Middlewares/Third_Party/FatFs/src/ff.o
 .text.dir_next
                0x0000000008004446      0x1ac ./Middlewares/Third_Party/FatFs/src/ff.o
 .text.dir_alloc
                0x00000000080045f2       0x8e ./Middlewares/Third_Party/FatFs/src/ff.o
 .text.ld_clust
                0x0000000008004680       0x3e ./Middlewares/Third_Party/FatFs/src/ff.o
 .text.st_clust
                0x00000000080046be       0x40 ./Middlewares/Third_Party/FatFs/src/ff.o
 *fill*         0x00000000080046fe        0x2 
 .text.cmp_lfn  0x0000000008004700       0xe0 ./Middlewares/Third_Party/FatFs/src/ff.o
 .text.put_lfn  0x00000000080047e0       0xd0 ./Middlewares/Third_Party/FatFs/src/ff.o
 .text.gen_numname
                0x00000000080048b0      0x11c ./Middlewares/Third_Party/FatFs/src/ff.o
 .text.sum_sfn  0x00000000080049cc       0x42 ./Middlewares/Third_Party/FatFs/src/ff.o
 .text.dir_find
                0x0000000008004a0e      0x180 ./Middlewares/Third_Party/FatFs/src/ff.o
 *fill*         0x0000000008004b8e        0x2 
 .text.dir_register
                0x0000000008004b90      0x1f0 ./Middlewares/Third_Party/FatFs/src/ff.o
 .text.create_name
                0x0000000008004d80      0x370 ./Middlewares/Third_Party/FatFs/src/ff.o
 .text.follow_path
                0x00000000080050f0       0xec ./Middlewares/Third_Party/FatFs/src/ff.o
 .text.get_ldnumber
                0x00000000080051dc       0x88 ./Middlewares/Third_Party/FatFs/src/ff.o
 .text.check_fs
                0x0000000008005264       0xac ./Middlewares/Third_Party/FatFs/src/ff.o
 .text.find_volume
                0x0000000008005310      0x50c ./Middlewares/Third_Party/FatFs/src/ff.o
 .text.validate
                0x000000000800581c       0x6a ./Middlewares/Third_Party/FatFs/src/ff.o
 *fill*         0x0000000008005886        0x2 
 .text.f_mount  0x0000000008005888       0x8c ./Middlewares/Third_Party/FatFs/src/ff.o
                0x0000000008005888                f_mount
 .text.f_open   0x0000000008005914      0x398 ./Middlewares/Third_Party/FatFs/src/ff.o
                0x0000000008005914                f_open
 .text.f_write  0x0000000008005cac      0x328 ./Middlewares/Third_Party/FatFs/src/ff.o
                0x0000000008005cac                f_write
 .text.f_sync   0x0000000008005fd4       0xfc ./Middlewares/Third_Party/FatFs/src/ff.o
                0x0000000008005fd4                f_sync
 .text.f_close  0x00000000080060d0       0x54 ./Middlewares/Third_Party/FatFs/src/ff.o
                0x00000000080060d0                f_close
 .text.f_lseek  0x0000000008006124      0x448 ./Middlewares/Third_Party/FatFs/src/ff.o
                0x0000000008006124                f_lseek
 .text.putc_bfd
                0x000000000800656c       0x7a ./Middlewares/Third_Party/FatFs/src/ff.o
 .text.putc_flush
                0x00000000080065e6       0x4a ./Middlewares/Third_Party/FatFs/src/ff.o
 .text.putc_init
                0x0000000008006630       0x2a ./Middlewares/Third_Party/FatFs/src/ff.o
 .text.f_puts   0x000000000800665a       0x48 ./Middlewares/Third_Party/FatFs/src/ff.o
                0x000000000800665a                f_puts
 *fill*         0x00000000080066a2        0x2 
 .text.FATFS_LinkDriverEx
                0x00000000080066a4       0x98 ./Middlewares/Third_Party/FatFs/src/ff_gen_drv.o
                0x00000000080066a4                FATFS_LinkDriverEx
 .text.FATFS_LinkDriver
                0x000000000800673c       0x1e ./Middlewares/Third_Party/FatFs/src/ff_gen_drv.o
                0x000000000800673c                FATFS_LinkDriver
 *fill*         0x000000000800675a        0x2 
 .text.ff_convert
                0x000000000800675c       0x78 ./Middlewares/Third_Party/FatFs/src/option/ccsbcs.o
                0x000000000800675c                ff_convert
 .text.ff_wtoupper
                0x00000000080067d4      0x114 ./Middlewares/Third_Party/FatFs/src/option/ccsbcs.o
                0x00000000080067d4                ff_wtoupper
 .text.memset   0x00000000080068e8       0x10 /Applications/STM32CubeIDE.app/Contents/Eclipse/plugins/com.st.stm32cube.ide.mcu.externaltools.gnu-tools-for-stm32.11.3.rel1.macos64_1.1.1.202309131626/tools/bin/../lib/gcc/arm-none-eabi/11.3.1/../../../../arm-none-eabi/lib/thumb/v7e-m+fp/hard/libc_nano.a(libc_a-memset.o)
                0x00000000080068e8                memset
 .text.__libc_init_array
                0x00000000080068f8       0x48 /Applications/STM32CubeIDE.app/Contents/Eclipse/plugins/com.st.stm32cube.ide.mcu.externaltools.gnu-tools-for-stm32.11.3.rel1.macos64_1.1.1.202309131626/tools/bin/../lib/gcc/arm-none-eabi/11.3.1/../../../../arm-none-eabi/lib/thumb/v7e-m+fp/hard/libc_nano.a(libc_a-init.o)
                0x00000000080068f8                __libc_init_array
 *(.glue_7)
 .glue_7        0x0000000008006940        0x0 linker stubs
 *(.glue_7t)
 .glue_7t       0x0000000008006940        0x0 linker stubs
 *(.eh_frame)
 .eh_frame      0x0000000008006940        0x0 /Applications/STM32CubeIDE.app/Contents/Eclipse/plugins/com.st.stm32cube.ide.mcu.externaltools.gnu-tools-for-stm32.11.3.rel1.macos64_1.1.1.202309131626/tools/bin/../lib/gcc/arm-none-eabi/11.3.1/thumb/v7e-m+fp/hard/crtbegin.o
 *(.init)
 .init          0x0000000008006940        0x4 /Applications/STM32CubeIDE.app/Contents/Eclipse/plugins/com.st.stm32cube.ide.mcu.externaltools.gnu-tools-for-stm32.11.3.rel1.macos64_1.1.1.202309131626/tools/bin/../lib/gcc/arm-none-eabi/11.3.1/thumb/v7e-m+fp/hard/crti.o
                0x0000000008006940                _init
 .init          0x0000000008006944        0x8 /Applications/STM32CubeIDE.app/Contents/Eclipse/plugins/com.st.stm32cube.ide.mcu.externaltools.gnu-tools-for-stm32.11.3.rel1.macos64_1.1.1.202309131626/tools/bin/../lib/gcc/arm-none-eabi/11.3.1/thumb/v7e-m+fp/hard/crtn.o
 *(.fini)
 .fini          0x000000000800694c        0x4 /Applications/STM32CubeIDE.app/Contents/Eclipse/plugins/com.st.stm32cube.ide.mcu.externaltools.gnu-tools-for-stm32.11.3.rel1.macos64_1.1.1.202309131626/tools/bin/../lib/gcc/arm-none-eabi/11.3.1/thumb/v7e-m+fp/hard/crti.o
                0x000000000800694c                _fini
 .fini          0x0000000008006950        0x8 /Applications/STM32CubeIDE.app/Contents/Eclipse/plugins/com.st.stm32cube.ide.mcu.externaltools.gnu-tools-for-stm32.11.3.rel1.macos64_1.1.1.202309131626/tools/bin/../lib/gcc/arm-none-eabi/11.3.1/thumb/v7e-m+fp/hard/crtn.o
                0x0000000008006958                . = ALIGN (0x4)
                0x0000000008006958                _etext = .

.vfp11_veneer   0x0000000008006958        0x0
 .vfp11_veneer  0x0000000008006958        0x0 linker stubs

.v4_bx          0x0000000008006958        0x0
 .v4_bx         0x0000000008006958        0x0 linker stubs

.iplt           0x0000000008006958        0x0
 .iplt          0x0000000008006958        0x0 /Applications/STM32CubeIDE.app/Contents/Eclipse/plugins/com.st.stm32cube.ide.mcu.externaltools.gnu-tools-for-stm32.11.3.rel1.macos64_1.1.1.202309131626/tools/bin/../lib/gcc/arm-none-eabi/11.3.1/thumb/v7e-m+fp/hard/crtbegin.o

.rodata         0x0000000008006958      0x4d8
                0x0000000008006958                . = ALIGN (0x4)
 *(.rodata)
 .rodata        0x0000000008006958       0x37 ./Core/Src/main.o
 *fill*         0x000000000800698f        0x1 
 .rodata        0x0000000008006990       0x48 ./Middlewares/Third_Party/FatFs/src/ff.o
 *(.rodata*)
 .rodata.AHBPrescTable
                0x00000000080069d8       0x10 ./Core/Src/system_stm32f4xx.o
                0x00000000080069d8                AHBPrescTable
 .rodata.APBPrescTable
                0x00000000080069e8        0x8 ./Core/Src/system_stm32f4xx.o
                0x00000000080069e8                APBPrescTable
 .rodata.ExCvt  0x00000000080069f0       0x80 ./Middlewares/Third_Party/FatFs/src/ff.o
 .rodata.LfnOfs
                0x0000000008006a70        0xd ./Middlewares/Third_Party/FatFs/src/ff.o
 *fill*         0x0000000008006a7d        0x3 
 .rodata.Tbl    0x0000000008006a80      0x100 ./Middlewares/Third_Party/FatFs/src/option/ccsbcs.o
 .rodata.cvt1.1
                0x0000000008006b80      0x1f2 ./Middlewares/Third_Party/FatFs/src/option/ccsbcs.o
 *fill*         0x0000000008006d72        0x2 
 .rodata.cvt2.0
                0x0000000008006d74       0xbc ./Middlewares/Third_Party/FatFs/src/option/ccsbcs.o
                0x0000000008006e30                . = ALIGN (0x4)

.ARM.extab      0x0000000008006e30        0x0
                0x0000000008006e30                . = ALIGN (0x4)
 *(.ARM.extab* .gnu.linkonce.armextab.*)
                0x0000000008006e30                . = ALIGN (0x4)

.ARM            0x0000000008006e30        0x8
                0x0000000008006e30                . = ALIGN (0x4)
                0x0000000008006e30                __exidx_start = .
 *(.ARM.exidx*)
 .ARM.exidx     0x0000000008006e30        0x8 /Applications/STM32CubeIDE.app/Contents/Eclipse/plugins/com.st.stm32cube.ide.mcu.externaltools.gnu-tools-for-stm32.11.3.rel1.macos64_1.1.1.202309131626/tools/bin/../lib/gcc/arm-none-eabi/11.3.1/thumb/v7e-m+fp/hard/libgcc.a(_udivmoddi4.o)
                0x0000000008006e38                __exidx_end = .
                0x0000000008006e38                . = ALIGN (0x4)

.rel.dyn        0x0000000008006e38        0x0
 .rel.iplt      0x0000000008006e38        0x0 /Applications/STM32CubeIDE.app/Contents/Eclipse/plugins/com.st.stm32cube.ide.mcu.externaltools.gnu-tools-for-stm32.11.3.rel1.macos64_1.1.1.202309131626/tools/bin/../lib/gcc/arm-none-eabi/11.3.1/thumb/v7e-m+fp/hard/crtbegin.o

.preinit_array  0x0000000008006e38        0x0
                0x0000000008006e38                . = ALIGN (0x4)
                0x0000000008006e38                PROVIDE (__preinit_array_start = .)
 *(.preinit_array*)
                0x0000000008006e38                PROVIDE (__preinit_array_end = .)
                0x0000000008006e38                . = ALIGN (0x4)

.init_array     0x0000000008006e38        0x4
                0x0000000008006e38                . = ALIGN (0x4)
                0x0000000008006e38                PROVIDE (__init_array_start = .)
 *(SORT_BY_NAME(.init_array.*))
 *(.init_array*)
 .init_array    0x0000000008006e38        0x4 /Applications/STM32CubeIDE.app/Contents/Eclipse/plugins/com.st.stm32cube.ide.mcu.externaltools.gnu-tools-for-stm32.11.3.rel1.macos64_1.1.1.202309131626/tools/bin/../lib/gcc/arm-none-eabi/11.3.1/thumb/v7e-m+fp/hard/crtbegin.o
                0x0000000008006e3c                PROVIDE (__init_array_end = .)
                0x0000000008006e3c                . = ALIGN (0x4)

.fini_array     0x0000000008006e3c        0x4
                0x0000000008006e3c                . = ALIGN (0x4)
                [!provide]                        PROVIDE (__fini_array_start = .)
 *(SORT_BY_NAME(.fini_array.*))
 *(.fini_array*)
 .fini_array    0x0000000008006e3c        0x4 /Applications/STM32CubeIDE.app/Contents/Eclipse/plugins/com.st.stm32cube.ide.mcu.externaltools.gnu-tools-for-stm32.11.3.rel1.macos64_1.1.1.202309131626/tools/bin/../lib/gcc/arm-none-eabi/11.3.1/thumb/v7e-m+fp/hard/crtbegin.o
                [!provide]                        PROVIDE (__fini_array_end = .)
                0x0000000008006e40                . = ALIGN (0x4)
                0x0000000008006e40                _sidata = LOADADDR (.data)

.data           0x0000000020000000       0x24 load address 0x0000000008006e40
                0x0000000020000000                . = ALIGN (0x4)
                0x0000000020000000                _sdata = .
 *(.data)
 *(.data*)
 .data.Stat     0x0000000020000000        0x1 ./Core/Src/fatfs_sd.o
 *fill*         0x0000000020000001        0x3 
 .data.SystemCoreClock
                0x0000000020000004        0x4 ./Core/Src/system_stm32f4xx.o
                0x0000000020000004                SystemCoreClock
 .data.uwTickPrio
                0x0000000020000008        0x4 ./Drivers/STM32F4xx_HAL_Driver/Src/stm32f4xx_hal.o
                0x0000000020000008                uwTickPrio
 .data.uwTickFreq
                0x000000002000000c        0x1 ./Drivers/STM32F4xx_HAL_Driver/Src/stm32f4xx_hal.o
                0x000000002000000c                uwTickFreq
 *fill*         0x000000002000000d        0x3 
 .data.USER_Driver
                0x0000000020000010       0x14 ./FATFS/Target/user_diskio.o
                0x0000000020000010                USER_Driver
 *(.RamFunc)
 *(.RamFunc*)
                0x0000000020000024                . = ALIGN (0x4)
                0x0000000020000024                _edata = .

.igot.plt       0x0000000020000024        0x0 load address 0x0000000008006e64
 .igot.plt      0x0000000020000024        0x0 /Applications/STM32CubeIDE.app/Contents/Eclipse/plugins/com.st.stm32cube.ide.mcu.externaltools.gnu-tools-for-stm32.11.3.rel1.macos64_1.1.1.202309131626/tools/bin/../lib/gcc/arm-none-eabi/11.3.1/thumb/v7e-m+fp/hard/crtbegin.o
                0x0000000020000024                . = ALIGN (0x4)

.bss            0x0000000020000024     0x2368 load address 0x0000000008006e64
                0x0000000020000024                _sbss = .
                0x0000000020000024                __bss_start__ = _sbss
 *(.bss)
 .bss           0x0000000020000024       0x1c /Applications/STM32CubeIDE.app/Contents/Eclipse/plugins/com.st.stm32cube.ide.mcu.externaltools.gnu-tools-for-stm32.11.3.rel1.macos64_1.1.1.202309131626/tools/bin/../lib/gcc/arm-none-eabi/11.3.1/thumb/v7e-m+fp/hard/crtbegin.o
 *(.bss*)
 .bss.Timer1    0x0000000020000040        0x2 ./Core/Src/fatfs_sd.o
                0x0000000020000040                Timer1
 .bss.Timer2    0x0000000020000042        0x2 ./Core/Src/fatfs_sd.o
                0x0000000020000042                Timer2
 .bss.CardType  0x0000000020000044        0x1 ./Core/Src/fatfs_sd.o
 .bss.PowerFlag
                0x0000000020000045        0x1 ./Core/Src/fatfs_sd.o
 *fill*         0x0000000020000046        0x2 
 .bss.fs        0x0000000020000048     0x1038 ./Core/Src/main.o
                0x0000000020000048                fs
 .bss.fil       0x0000000020001080     0x1030 ./Core/Src/main.o
                0x0000000020001080                fil
 .bss.hspi1     0x00000000200020b0       0x58 ./Core/Src/main.o
                0x00000000200020b0                hspi1
 .bss.huart2    0x0000000020002108       0x44 ./Core/Src/main.o
                0x0000000020002108                huart2
 .bss.uwTick    0x000000002000214c        0x4 ./Drivers/STM32F4xx_HAL_Driver/Src/stm32f4xx_hal.o
                0x000000002000214c                uwTick
 .bss.retUSER   0x0000000020002150        0x1 ./FATFS/App/fatfs.o
                0x0000000020002150                retUSER
 *fill*         0x0000000020002151        0x3 
 .bss.USERPath  0x0000000020002154        0x4 ./FATFS/App/fatfs.o
                0x0000000020002154                USERPath
 .bss.FatFs     0x0000000020002158        0x4 ./Middlewares/Third_Party/FatFs/src/ff.o
 .bss.Fsid      0x000000002000215c        0x2 ./Middlewares/Third_Party/FatFs/src/ff.o
 *fill*         0x000000002000215e        0x2 
 .bss.Files     0x0000000020002160       0x20 ./Middlewares/Third_Party/FatFs/src/ff.o
 .bss.LfnBuf    0x0000000020002180      0x200 ./Middlewares/Third_Party/FatFs/src/ff.o
 .bss.disk      0x0000000020002380        0xc ./Middlewares/Third_Party/FatFs/src/ff_gen_drv.o
                0x0000000020002380                disk
 *(COMMON)
                0x000000002000238c                . = ALIGN (0x4)
                0x000000002000238c                _ebss = .
                0x000000002000238c                __bss_end__ = _ebss

._user_heap_stack
                0x000000002000238c      0x604 load address 0x0000000008006e64
                0x0000000020002390                . = ALIGN (0x8)
 *fill*         0x000000002000238c        0x4 
                [!provide]                        PROVIDE (end = .)
                0x0000000020002390                PROVIDE (_end = .)
                0x0000000020002590                . = (. + _Min_Heap_Size)
 *fill*         0x0000000020002390      0x200 
                0x0000000020002990                . = (. + _Min_Stack_Size)
 *fill*         0x0000000020002590      0x400 
                0x0000000020002990                . = ALIGN (0x8)

/DISCARD/
 libc.a(*)
 libm.a(*)
 libgcc.a(*)

.ARM.attributes
                0x0000000000000000       0x30
 *(.ARM.attributes)
 .ARM.attributes
                0x0000000000000000       0x1e /Applications/STM32CubeIDE.app/Contents/Eclipse/plugins/com.st.stm32cube.ide.mcu.externaltools.gnu-tools-for-stm32.11.3.rel1.macos64_1.1.1.202309131626/tools/bin/../lib/gcc/arm-none-eabi/11.3.1/thumb/v7e-m+fp/hard/crti.o
 .ARM.attributes
                0x000000000000001e       0x34 /Applications/STM32CubeIDE.app/Contents/Eclipse/plugins/com.st.stm32cube.ide.mcu.externaltools.gnu-tools-for-stm32.11.3.rel1.macos64_1.1.1.202309131626/tools/bin/../lib/gcc/arm-none-eabi/11.3.1/thumb/v7e-m+fp/hard/crtbegin.o
 .ARM.attributes
                0x0000000000000052       0x34 ./Core/Src/fatfs_sd.o
 .ARM.attributes
                0x0000000000000086       0x34 ./Core/Src/main.o
 .ARM.attributes
                0x00000000000000ba       0x34 ./Core/Src/stm32f4xx_hal_msp.o
 .ARM.attributes
                0x00000000000000ee       0x34 ./Core/Src/stm32f4xx_it.o
 .ARM.attributes
                0x0000000000000122       0x34 ./Core/Src/system_stm32f4xx.o
 .ARM.attributes
                0x0000000000000156       0x21 ./Core/Startup/startup_stm32f446retx.o
 .ARM.attributes
                0x0000000000000177       0x34 ./Drivers/STM32F4xx_HAL_Driver/Src/stm32f4xx_hal.o
 .ARM.attributes
                0x00000000000001ab       0x34 ./Drivers/STM32F4xx_HAL_Driver/Src/stm32f4xx_hal_cortex.o
 .ARM.attributes
                0x00000000000001df       0x34 ./Drivers/STM32F4xx_HAL_Driver/Src/stm32f4xx_hal_gpio.o
 .ARM.attributes
                0x0000000000000213       0x34 ./Drivers/STM32F4xx_HAL_Driver/Src/stm32f4xx_hal_rcc.o
 .ARM.attributes
                0x0000000000000247       0x34 ./Drivers/STM32F4xx_HAL_Driver/Src/stm32f4xx_hal_rcc_ex.o
 .ARM.attributes
                0x000000000000027b       0x34 ./Drivers/STM32F4xx_HAL_Driver/Src/stm32f4xx_hal_spi.o
 .ARM.attributes
                0x00000000000002af       0x34 ./Drivers/STM32F4xx_HAL_Driver/Src/stm32f4xx_hal_uart.o
 .ARM.attributes
                0x00000000000002e3       0x34 ./FATFS/App/fatfs.o
 .ARM.attributes
                0x0000000000000317       0x34 ./FATFS/Target/user_diskio.o
 .ARM.attributes
                0x000000000000034b       0x34 ./Middlewares/Third_Party/FatFs/src/diskio.o
 .ARM.attributes
                0x000000000000037f       0x34 ./Middlewares/Third_Party/FatFs/src/ff.o
 .ARM.attributes
                0x00000000000003b3       0x34 ./Middlewares/Third_Party/FatFs/src/ff_gen_drv.o
 .ARM.attributes
                0x00000000000003e7       0x34 ./Middlewares/Third_Party/FatFs/src/option/ccsbcs.o
 .ARM.attributes
                0x000000000000041b       0x34 /Applications/STM32CubeIDE.app/Contents/Eclipse/plugins/com.st.stm32cube.ide.mcu.externaltools.gnu-tools-for-stm32.11.3.rel1.macos64_1.1.1.202309131626/tools/bin/../lib/gcc/arm-none-eabi/11.3.1/../../../../arm-none-eabi/lib/thumb/v7e-m+fp/hard/libc_nano.a(libc_a-memset.o)
 .ARM.attributes
                0x000000000000044f       0x34 /Applications/STM32CubeIDE.app/Contents/Eclipse/plugins/com.st.stm32cube.ide.mcu.externaltools.gnu-tools-for-stm32.11.3.rel1.macos64_1.1.1.202309131626/tools/bin/../lib/gcc/arm-none-eabi/11.3.1/../../../../arm-none-eabi/lib/thumb/v7e-m+fp/hard/libc_nano.a(libc_a-init.o)
 .ARM.attributes
                0x0000000000000483       0x1e /Applications/STM32CubeIDE.app/Contents/Eclipse/plugins/com.st.stm32cube.ide.mcu.externaltools.gnu-tools-for-stm32.11.3.rel1.macos64_1.1.1.202309131626/tools/bin/../lib/gcc/arm-none-eabi/11.3.1/thumb/v7e-m+fp/hard/libgcc.a(_aeabi_uldivmod.o)
 .ARM.attributes
                0x00000000000004a1       0x34 /Applications/STM32CubeIDE.app/Contents/Eclipse/plugins/com.st.stm32cube.ide.mcu.externaltools.gnu-tools-for-stm32.11.3.rel1.macos64_1.1.1.202309131626/tools/bin/../lib/gcc/arm-none-eabi/11.3.1/thumb/v7e-m+fp/hard/libgcc.a(_udivmoddi4.o)
 .ARM.attributes
                0x00000000000004d5       0x1e /Applications/STM32CubeIDE.app/Contents/Eclipse/plugins/com.st.stm32cube.ide.mcu.externaltools.gnu-tools-for-stm32.11.3.rel1.macos64_1.1.1.202309131626/tools/bin/../lib/gcc/arm-none-eabi/11.3.1/thumb/v7e-m+fp/hard/libgcc.a(_dvmd_tls.o)
 .ARM.attributes
                0x00000000000004f3       0x1e /Applications/STM32CubeIDE.app/Contents/Eclipse/plugins/com.st.stm32cube.ide.mcu.externaltools.gnu-tools-for-stm32.11.3.rel1.macos64_1.1.1.202309131626/tools/bin/../lib/gcc/arm-none-eabi/11.3.1/thumb/v7e-m+fp/hard/crtn.o
OUTPUT(nucleo-f446re-microsd.elf elf32-littlearm)
LOAD linker stubs
LOAD /Applications/STM32CubeIDE.app/Contents/Eclipse/plugins/com.st.stm32cube.ide.mcu.externaltools.gnu-tools-for-stm32.11.3.rel1.macos64_1.1.1.202309131626/tools/bin/../lib/gcc/arm-none-eabi/11.3.1/../../../../arm-none-eabi/lib/thumb/v7e-m+fp/hard/libc.a
LOAD /Applications/STM32CubeIDE.app/Contents/Eclipse/plugins/com.st.stm32cube.ide.mcu.externaltools.gnu-tools-for-stm32.11.3.rel1.macos64_1.1.1.202309131626/tools/bin/../lib/gcc/arm-none-eabi/11.3.1/../../../../arm-none-eabi/lib/thumb/v7e-m+fp/hard/libm.a
LOAD /Applications/STM32CubeIDE.app/Contents/Eclipse/plugins/com.st.stm32cube.ide.mcu.externaltools.gnu-tools-for-stm32.11.3.rel1.macos64_1.1.1.202309131626/tools/bin/../lib/gcc/arm-none-eabi/11.3.1/thumb/v7e-m+fp/hard/libgcc.a

.comment        0x0000000000000000       0x43
 .comment       0x0000000000000000       0x43 /Applications/STM32CubeIDE.app/Contents/Eclipse/plugins/com.st.stm32cube.ide.mcu.externaltools.gnu-tools-for-stm32.11.3.rel1.macos64_1.1.1.202309131626/tools/bin/../lib/gcc/arm-none-eabi/11.3.1/thumb/v7e-m+fp/hard/crtbegin.o
                                         0x44 (size before relaxing)
 .comment       0x0000000000000043       0x44 ./Core/Src/fatfs_sd.o
 .comment       0x0000000000000043       0x44 ./Core/Src/main.o
 .comment       0x0000000000000043       0x44 ./Core/Src/stm32f4xx_hal_msp.o
 .comment       0x0000000000000043       0x44 ./Core/Src/stm32f4xx_it.o
 .comment       0x0000000000000043       0x44 ./Core/Src/system_stm32f4xx.o
 .comment       0x0000000000000043       0x44 ./Drivers/STM32F4xx_HAL_Driver/Src/stm32f4xx_hal.o
 .comment       0x0000000000000043       0x44 ./Drivers/STM32F4xx_HAL_Driver/Src/stm32f4xx_hal_cortex.o
 .comment       0x0000000000000043       0x44 ./Drivers/STM32F4xx_HAL_Driver/Src/stm32f4xx_hal_gpio.o
 .comment       0x0000000000000043       0x44 ./Drivers/STM32F4xx_HAL_Driver/Src/stm32f4xx_hal_rcc.o
 .comment       0x0000000000000043       0x44 ./Drivers/STM32F4xx_HAL_Driver/Src/stm32f4xx_hal_rcc_ex.o
 .comment       0x0000000000000043       0x44 ./Drivers/STM32F4xx_HAL_Driver/Src/stm32f4xx_hal_spi.o
 .comment       0x0000000000000043       0x44 ./Drivers/STM32F4xx_HAL_Driver/Src/stm32f4xx_hal_uart.o
 .comment       0x0000000000000043       0x44 ./FATFS/App/fatfs.o
 .comment       0x0000000000000043       0x44 ./FATFS/Target/user_diskio.o
 .comment       0x0000000000000043       0x44 ./Middlewares/Third_Party/FatFs/src/diskio.o
 .comment       0x0000000000000043       0x44 ./Middlewares/Third_Party/FatFs/src/ff.o
 .comment       0x0000000000000043       0x44 ./Middlewares/Third_Party/FatFs/src/ff_gen_drv.o
 .comment       0x0000000000000043       0x44 ./Middlewares/Third_Party/FatFs/src/option/ccsbcs.o

.debug_info     0x0000000000000000     0xdeea
 .debug_info    0x0000000000000000      0xc35 ./Core/Src/fatfs_sd.o
 .debug_info    0x0000000000000c35     0x1256 ./Core/Src/main.o
 .debug_info    0x0000000000001e8b      0xbfe ./Core/Src/stm32f4xx_hal_msp.o
 .debug_info    0x0000000000002a89      0x13e ./Core/Src/stm32f4xx_it.o
 .debug_info    0x0000000000002bc7      0x54a ./Core/Src/system_stm32f4xx.o
 .debug_info    0x0000000000003111       0x23 ./Core/Startup/startup_stm32f446retx.o
 .debug_info    0x0000000000003134      0x99e ./Drivers/STM32F4xx_HAL_Driver/Src/stm32f4xx_hal.o
 .debug_info    0x0000000000003ad2      0xd64 ./Drivers/STM32F4xx_HAL_Driver/Src/stm32f4xx_hal_cortex.o
 .debug_info    0x0000000000004836      0x70b ./Drivers/STM32F4xx_HAL_Driver/Src/stm32f4xx_hal_gpio.o
 .debug_info    0x0000000000004f41      0x8ed ./Drivers/STM32F4xx_HAL_Driver/Src/stm32f4xx_hal_rcc.o
 .debug_info    0x000000000000582e      0x956 ./Drivers/STM32F4xx_HAL_Driver/Src/stm32f4xx_hal_rcc_ex.o
 .debug_info    0x0000000000006184     0x15fb ./Drivers/STM32F4xx_HAL_Driver/Src/stm32f4xx_hal_spi.o
 .debug_info    0x000000000000777f     0x2fb8 ./Drivers/STM32F4xx_HAL_Driver/Src/stm32f4xx_hal_uart.o
 .debug_info    0x000000000000a737      0x508 ./FATFS/App/fatfs.o
 .debug_info    0x000000000000ac3f      0x3a5 ./FATFS/Target/user_diskio.o
 .debug_info    0x000000000000afe4      0x3df ./Middlewares/Third_Party/FatFs/src/diskio.o
 .debug_info    0x000000000000b3c3     0x25ef ./Middlewares/Third_Party/FatFs/src/ff.o
 .debug_info    0x000000000000d9b2      0x37f ./Middlewares/Third_Party/FatFs/src/ff_gen_drv.o
 .debug_info    0x000000000000dd31      0x1b9 ./Middlewares/Third_Party/FatFs/src/option/ccsbcs.o

.debug_abbrev   0x0000000000000000     0x23c6
 .debug_abbrev  0x0000000000000000      0x2ee ./Core/Src/fatfs_sd.o
 .debug_abbrev  0x00000000000002ee      0x2b0 ./Core/Src/main.o
 .debug_abbrev  0x000000000000059e      0x1c3 ./Core/Src/stm32f4xx_hal_msp.o
 .debug_abbrev  0x0000000000000761       0x97 ./Core/Src/stm32f4xx_it.o
 .debug_abbrev  0x00000000000007f8      0x11a ./Core/Src/system_stm32f4xx.o
 .debug_abbrev  0x0000000000000912       0x12 ./Core/Startup/startup_stm32f446retx.o
 .debug_abbrev  0x0000000000000924      0x213 ./Drivers/STM32F4xx_HAL_Driver/Src/stm32f4xx_hal.o
 .debug_abbrev  0x0000000000000b37      0x327 ./Drivers/STM32F4xx_HAL_Driver/Src/stm32f4xx_hal_cortex.o
 .debug_abbrev  0x0000000000000e5e      0x1d4 ./Drivers/STM32F4xx_HAL_Driver/Src/stm32f4xx_hal_gpio.o
 .debug_abbrev  0x0000000000001032      0x2b6 ./Drivers/STM32F4xx_HAL_Driver/Src/stm32f4xx_hal_rcc.o
 .debug_abbrev  0x00000000000012e8      0x20a ./Drivers/STM32F4xx_HAL_Driver/Src/stm32f4xx_hal_rcc_ex.o
 .debug_abbrev  0x00000000000014f2      0x284 ./Drivers/STM32F4xx_HAL_Driver/Src/stm32f4xx_hal_spi.o
 .debug_abbrev  0x0000000000001776      0x30e ./Drivers/STM32F4xx_HAL_Driver/Src/stm32f4xx_hal_uart.o
 .debug_abbrev  0x0000000000001a84      0x15e ./FATFS/App/fatfs.o
 .debug_abbrev  0x0000000000001be2      0x15c ./FATFS/Target/user_diskio.o
 .debug_abbrev  0x0000000000001d3e      0x181 ./Middlewares/Third_Party/FatFs/src/diskio.o
 .debug_abbrev  0x0000000000001ebf      0x28a ./Middlewares/Third_Party/FatFs/src/ff.o
 .debug_abbrev  0x0000000000002149      0x19f ./Middlewares/Third_Party/FatFs/src/ff_gen_drv.o
 .debug_abbrev  0x00000000000022e8       0xde ./Middlewares/Third_Party/FatFs/src/option/ccsbcs.o

.debug_aranges  0x0000000000000000      0xc58
 .debug_aranges
                0x0000000000000000       0xa8 ./Core/Src/fatfs_sd.o
 .debug_aranges
                0x00000000000000a8       0x48 ./Core/Src/main.o
 .debug_aranges
                0x00000000000000f0       0x40 ./Core/Src/stm32f4xx_hal_msp.o
 .debug_aranges
                0x0000000000000130       0x60 ./Core/Src/stm32f4xx_it.o
 .debug_aranges
                0x0000000000000190       0x28 ./Core/Src/system_stm32f4xx.o
 .debug_aranges
                0x00000000000001b8       0x28 ./Core/Startup/startup_stm32f446retx.o
 .debug_aranges
                0x00000000000001e0       0xf0 ./Drivers/STM32F4xx_HAL_Driver/Src/stm32f4xx_hal.o
 .debug_aranges
                0x00000000000002d0      0x118 ./Drivers/STM32F4xx_HAL_Driver/Src/stm32f4xx_hal_cortex.o
 .debug_aranges
                0x00000000000003e8       0x58 ./Drivers/STM32F4xx_HAL_Driver/Src/stm32f4xx_hal_gpio.o
 .debug_aranges
                0x0000000000000440       0x88 ./Drivers/STM32F4xx_HAL_Driver/Src/stm32f4xx_hal_rcc.o
 .debug_aranges
                0x00000000000004c8       0x78 ./Drivers/STM32F4xx_HAL_Driver/Src/stm32f4xx_hal_rcc_ex.o
 .debug_aranges
                0x0000000000000540      0x1d0 ./Drivers/STM32F4xx_HAL_Driver/Src/stm32f4xx_hal_spi.o
 .debug_aranges
                0x0000000000000710      0x200 ./Drivers/STM32F4xx_HAL_Driver/Src/stm32f4xx_hal_uart.o
 .debug_aranges
                0x0000000000000910       0x28 ./FATFS/App/fatfs.o
 .debug_aranges
                0x0000000000000938       0x40 ./FATFS/Target/user_diskio.o
 .debug_aranges
                0x0000000000000978       0x48 ./Middlewares/Third_Party/FatFs/src/diskio.o
 .debug_aranges
                0x00000000000009c0      0x230 ./Middlewares/Third_Party/FatFs/src/ff.o
 .debug_aranges
                0x0000000000000bf0       0x40 ./Middlewares/Third_Party/FatFs/src/ff_gen_drv.o
 .debug_aranges
                0x0000000000000c30       0x28 ./Middlewares/Third_Party/FatFs/src/option/ccsbcs.o

.debug_rnglists
                0x0000000000000000      0x97d
 .debug_rnglists
                0x0000000000000000       0x80 ./Core/Src/fatfs_sd.o
 .debug_rnglists
                0x0000000000000080       0x33 ./Core/Src/main.o
 .debug_rnglists
                0x00000000000000b3       0x2d ./Core/Src/stm32f4xx_hal_msp.o
 .debug_rnglists
                0x00000000000000e0       0x43 ./Core/Src/stm32f4xx_it.o
 .debug_rnglists
                0x0000000000000123       0x1a ./Core/Src/system_stm32f4xx.o
 .debug_rnglists
                0x000000000000013d       0x19 ./Core/Startup/startup_stm32f446retx.o
 .debug_rnglists
                0x0000000000000156       0xaf ./Drivers/STM32F4xx_HAL_Driver/Src/stm32f4xx_hal.o
 .debug_rnglists
                0x0000000000000205       0xce ./Drivers/STM32F4xx_HAL_Driver/Src/stm32f4xx_hal_cortex.o
 .debug_rnglists
                0x00000000000002d3       0x3f ./Drivers/STM32F4xx_HAL_Driver/Src/stm32f4xx_hal_gpio.o
 .debug_rnglists
                0x0000000000000312       0x66 ./Drivers/STM32F4xx_HAL_Driver/Src/stm32f4xx_hal_rcc.o
 .debug_rnglists
                0x0000000000000378       0x5e ./Drivers/STM32F4xx_HAL_Driver/Src/stm32f4xx_hal_rcc_ex.o
 .debug_rnglists
                0x00000000000003d6      0x16f ./Drivers/STM32F4xx_HAL_Driver/Src/stm32f4xx_hal_spi.o
 .debug_rnglists
                0x0000000000000545      0x1b7 ./Drivers/STM32F4xx_HAL_Driver/Src/stm32f4xx_hal_uart.o
 .debug_rnglists
                0x00000000000006fc       0x19 ./FATFS/App/fatfs.o
 .debug_rnglists
                0x0000000000000715       0x2b ./FATFS/Target/user_diskio.o
 .debug_rnglists
                0x0000000000000740       0x31 ./Middlewares/Third_Party/FatFs/src/diskio.o
 .debug_rnglists
                0x0000000000000771      0x1c6 ./Middlewares/Third_Party/FatFs/src/ff.o
 .debug_rnglists
                0x0000000000000937       0x2c ./Middlewares/Third_Party/FatFs/src/ff_gen_drv.o
 .debug_rnglists
                0x0000000000000963       0x1a ./Middlewares/Third_Party/FatFs/src/option/ccsbcs.o

.debug_macro    0x0000000000000000    0x22bd4
 .debug_macro   0x0000000000000000      0x1f7 ./Core/Src/fatfs_sd.o
 .debug_macro   0x00000000000001f7      0xaa8 ./Core/Src/fatfs_sd.o
 .debug_macro   0x0000000000000c9f      0x29b ./Core/Src/fatfs_sd.o
 .debug_macro   0x0000000000000f3a       0x2e ./Core/Src/fatfs_sd.o
 .debug_macro   0x0000000000000f68       0x28 ./Core/Src/fatfs_sd.o
 .debug_macro   0x0000000000000f90       0x22 ./Core/Src/fatfs_sd.o
 .debug_macro   0x0000000000000fb2       0x8e ./Core/Src/fatfs_sd.o
 .debug_macro   0x0000000000001040       0x51 ./Core/Src/fatfs_sd.o
 .debug_macro   0x0000000000001091      0x103 ./Core/Src/fatfs_sd.o
 .debug_macro   0x0000000000001194       0x6a ./Core/Src/fatfs_sd.o
 .debug_macro   0x00000000000011fe      0x1df ./Core/Src/fatfs_sd.o
 .debug_macro   0x00000000000013dd       0x1c ./Core/Src/fatfs_sd.o
 .debug_macro   0x00000000000013f9       0x22 ./Core/Src/fatfs_sd.o
 .debug_macro   0x000000000000141b       0xd9 ./Core/Src/fatfs_sd.o
 .debug_macro   0x00000000000014f4     0x102d ./Core/Src/fatfs_sd.o
 .debug_macro   0x0000000000002521      0x11f ./Core/Src/fatfs_sd.o
 .debug_macro   0x0000000000002640    0x16749 ./Core/Src/fatfs_sd.o
 .debug_macro   0x0000000000018d89       0x6d ./Core/Src/fatfs_sd.o
 .debug_macro   0x0000000000018df6     0x367e ./Core/Src/fatfs_sd.o
 .debug_macro   0x000000000001c474      0x174 ./Core/Src/fatfs_sd.o
 .debug_macro   0x000000000001c5e8       0x5c ./Core/Src/fatfs_sd.o
 .debug_macro   0x000000000001c644      0xc90 ./Core/Src/fatfs_sd.o
 .debug_macro   0x000000000001d2d4      0x9fe ./Core/Src/fatfs_sd.o
 .debug_macro   0x000000000001dcd2      0x115 ./Core/Src/fatfs_sd.o
 .debug_macro   0x000000000001dde7      0x1a0 ./Core/Src/fatfs_sd.o
 .debug_macro   0x000000000001df87       0xa5 ./Core/Src/fatfs_sd.o
 .debug_macro   0x000000000001e02c      0x16d ./Core/Src/fatfs_sd.o
 .debug_macro   0x000000000001e199      0x287 ./Core/Src/fatfs_sd.o
 .debug_macro   0x000000000001e420       0x5f ./Core/Src/fatfs_sd.o
 .debug_macro   0x000000000001e47f      0x236 ./Core/Src/fatfs_sd.o
 .debug_macro   0x000000000001e6b5      0x132 ./Core/Src/fatfs_sd.o
 .debug_macro   0x000000000001e7e7      0x29c ./Core/Src/fatfs_sd.o
 .debug_macro   0x000000000001ea83       0x2e ./Core/Src/fatfs_sd.o
 .debug_macro   0x000000000001eab1      0x11a ./Core/Src/fatfs_sd.o
 .debug_macro   0x000000000001ebcb       0xe8 ./Core/Src/fatfs_sd.o
 .debug_macro   0x000000000001ecb3       0x89 ./Core/Src/fatfs_sd.o
 .debug_macro   0x000000000001ed3c      0x225 ./Core/Src/fatfs_sd.o
 .debug_macro   0x000000000001ef61      0x295 ./Core/Src/fatfs_sd.o
 .debug_macro   0x000000000001f1f6      0x126 ./Core/Src/fatfs_sd.o
 .debug_macro   0x000000000001f31c       0x16 ./Core/Src/fatfs_sd.o
 .debug_macro   0x000000000001f332       0x7c ./Core/Src/fatfs_sd.o
 .debug_macro   0x000000000001f3ae       0x9a ./Core/Src/fatfs_sd.o
 .debug_macro   0x000000000001f448      0x2f2 ./Core/Src/main.o
 .debug_macro   0x000000000001f73a       0x58 ./Core/Src/main.o
 .debug_macro   0x000000000001f792       0xeb ./Core/Src/main.o
 .debug_macro   0x000000000001f87d       0x2a ./Core/Src/main.o
 .debug_macro   0x000000000001f8a7       0x61 ./Core/Src/main.o
 .debug_macro   0x000000000001f908       0x43 ./Core/Src/main.o
 .debug_macro   0x000000000001f94b       0x34 ./Core/Src/main.o
 .debug_macro   0x000000000001f97f       0x16 ./Core/Src/main.o
 .debug_macro   0x000000000001f995       0x35 ./Core/Src/main.o
 .debug_macro   0x000000000001f9ca       0x16 ./Core/Src/main.o
 .debug_macro   0x000000000001f9e0       0x43 ./Core/Src/main.o
 .debug_macro   0x000000000001fa23       0x34 ./Core/Src/main.o
 .debug_macro   0x000000000001fa57       0x10 ./Core/Src/main.o
 .debug_macro   0x000000000001fa67       0x58 ./Core/Src/main.o
 .debug_macro   0x000000000001fabf       0x8e ./Core/Src/main.o
 .debug_macro   0x000000000001fb4d       0x1c ./Core/Src/main.o
 .debug_macro   0x000000000001fb69      0x177 ./Core/Src/main.o
 .debug_macro   0x000000000001fce0      0x369 ./Core/Src/main.o
 .debug_macro   0x0000000000020049       0x16 ./Core/Src/main.o
 .debug_macro   0x000000000002005f       0x29 ./Core/Src/main.o
 .debug_macro   0x0000000000020088       0x12 ./Core/Src/main.o
 .debug_macro   0x000000000002009a       0xe2 ./Core/Src/main.o
 .debug_macro   0x000000000002017c       0x8e ./Core/Src/main.o
 .debug_macro   0x000000000002020a      0x1d3 ./Core/Src/stm32f4xx_hal_msp.o
 .debug_macro   0x00000000000203dd      0x1dd ./Core/Src/stm32f4xx_it.o
 .debug_macro   0x00000000000205ba      0x1c4 ./Core/Src/system_stm32f4xx.o
 .debug_macro   0x000000000002077e      0x224 ./Drivers/STM32F4xx_HAL_Driver/Src/stm32f4xx_hal.o
 .debug_macro   0x00000000000209a2      0x1c4 ./Drivers/STM32F4xx_HAL_Driver/Src/stm32f4xx_hal_cortex.o
 .debug_macro   0x0000000000020b66      0x1ca ./Drivers/STM32F4xx_HAL_Driver/Src/stm32f4xx_hal_gpio.o
 .debug_macro   0x0000000000020d30      0x1e8 ./Drivers/STM32F4xx_HAL_Driver/Src/stm32f4xx_hal_rcc.o
 .debug_macro   0x0000000000020f18      0x1c4 ./Drivers/STM32F4xx_HAL_Driver/Src/stm32f4xx_hal_rcc_ex.o
 .debug_macro   0x00000000000210dc      0x1d3 ./Drivers/STM32F4xx_HAL_Driver/Src/stm32f4xx_hal_spi.o
 .debug_macro   0x00000000000212af      0x1c5 ./Drivers/STM32F4xx_HAL_Driver/Src/stm32f4xx_hal_uart.o
 .debug_macro   0x0000000000021474      0x2f8 ./FATFS/App/fatfs.o
 .debug_macro   0x000000000002176c       0xe5 ./FATFS/App/fatfs.o
 .debug_macro   0x0000000000021851      0x315 ./FATFS/Target/user_diskio.o
 .debug_macro   0x0000000000021b66       0x10 ./FATFS/Target/user_diskio.o
 .debug_macro   0x0000000000021b76       0x20 ./FATFS/Target/user_diskio.o
 .debug_macro   0x0000000000021b96       0x56 ./FATFS/Target/user_diskio.o
 .debug_macro   0x0000000000021bec      0x2e5 ./Middlewares/Third_Party/FatFs/src/diskio.o
 .debug_macro   0x0000000000021ed1      0x6f3 ./Middlewares/Third_Party/FatFs/src/ff.o
 .debug_macro   0x00000000000225c4       0x58 ./Middlewares/Third_Party/FatFs/src/ff.o
 .debug_macro   0x000000000002261c      0x2e5 ./Middlewares/Third_Party/FatFs/src/ff_gen_drv.o
 .debug_macro   0x0000000000022901      0x2d3 ./Middlewares/Third_Party/FatFs/src/option/ccsbcs.o

.debug_line     0x0000000000000000    0x1218d
 .debug_line    0x0000000000000000      0xdd4 ./Core/Src/fatfs_sd.o
 .debug_line    0x0000000000000dd4      0x9e2 ./Core/Src/main.o
 .debug_line    0x00000000000017b6      0x75d ./Core/Src/stm32f4xx_hal_msp.o
 .debug_line    0x0000000000001f13      0x796 ./Core/Src/stm32f4xx_it.o
 .debug_line    0x00000000000026a9      0x743 ./Core/Src/system_stm32f4xx.o
 .debug_line    0x0000000000002dec       0x7a ./Core/Startup/startup_stm32f446retx.o
 .debug_line    0x0000000000002e66      0x9a9 ./Drivers/STM32F4xx_HAL_Driver/Src/stm32f4xx_hal.o
 .debug_line    0x000000000000380f      0xc58 ./Drivers/STM32F4xx_HAL_Driver/Src/stm32f4xx_hal_cortex.o
 .debug_line    0x0000000000004467      0xb09 ./Drivers/STM32F4xx_HAL_Driver/Src/stm32f4xx_hal_gpio.o
 .debug_line    0x0000000000004f70      0xd2e ./Drivers/STM32F4xx_HAL_Driver/Src/stm32f4xx_hal_rcc.o
 .debug_line    0x0000000000005c9e     0x13c7 ./Drivers/STM32F4xx_HAL_Driver/Src/stm32f4xx_hal_rcc_ex.o
 .debug_line    0x0000000000007065     0x1c3a ./Drivers/STM32F4xx_HAL_Driver/Src/stm32f4xx_hal_spi.o
 .debug_line    0x0000000000008c9f     0x2a4b ./Drivers/STM32F4xx_HAL_Driver/Src/stm32f4xx_hal_uart.o
 .debug_line    0x000000000000b6ea      0x8b4 ./FATFS/App/fatfs.o
 .debug_line    0x000000000000bf9e      0x90a ./FATFS/Target/user_diskio.o
 .debug_line    0x000000000000c8a8      0x923 ./Middlewares/Third_Party/FatFs/src/diskio.o
 .debug_line    0x000000000000d1cb     0x3cfe ./Middlewares/Third_Party/FatFs/src/ff.o
 .debug_line    0x0000000000010ec9      0x941 ./Middlewares/Third_Party/FatFs/src/ff_gen_drv.o
 .debug_line    0x000000000001180a      0x983 ./Middlewares/Third_Party/FatFs/src/option/ccsbcs.o

.debug_str      0x0000000000000000    0xcaffe
 .debug_str     0x0000000000000000    0xc3b68 ./Core/Src/fatfs_sd.o
                                      0xc3e85 (size before relaxing)
 .debug_str     0x00000000000c3b68     0x3e72 ./Core/Src/main.o
                                      0xc79de (size before relaxing)
 .debug_str     0x00000000000c79da       0xaa ./Core/Src/stm32f4xx_hal_msp.o
                                      0xc3de4 (size before relaxing)
 .debug_str     0x00000000000c7a84       0xc9 ./Core/Src/stm32f4xx_it.o
                                      0xc36a2 (size before relaxing)
 .debug_str     0x00000000000c7b4d       0xdb ./Core/Src/system_stm32f4xx.o
                                      0xc36a5 (size before relaxing)
 .debug_str     0x00000000000c7c28       0x34 ./Core/Startup/startup_stm32f446retx.o
                                         0x82 (size before relaxing)
 .debug_str     0x00000000000c7c5c      0xb07 ./Drivers/STM32F4xx_HAL_Driver/Src/stm32f4xx_hal.o
                                      0xc426a (size before relaxing)
 .debug_str     0x00000000000c8763      0x354 ./Drivers/STM32F4xx_HAL_Driver/Src/stm32f4xx_hal_cortex.o
                                      0xc3f78 (size before relaxing)
 .debug_str     0x00000000000c8ab7      0x121 ./Drivers/STM32F4xx_HAL_Driver/Src/stm32f4xx_hal_gpio.o
                                      0xc3820 (size before relaxing)
 .debug_str     0x00000000000c8bd8      0x233 ./Drivers/STM32F4xx_HAL_Driver/Src/stm32f4xx_hal_rcc.o
                                      0xc3ade (size before relaxing)
 .debug_str     0x00000000000c8e0b      0x324 ./Drivers/STM32F4xx_HAL_Driver/Src/stm32f4xx_hal_rcc_ex.o
                                      0xc3b11 (size before relaxing)
 .debug_str     0x00000000000c912f      0x574 ./Drivers/STM32F4xx_HAL_Driver/Src/stm32f4xx_hal_spi.o
                                      0xc3f44 (size before relaxing)
 .debug_str     0x00000000000c96a3      0x605 ./Drivers/STM32F4xx_HAL_Driver/Src/stm32f4xx_hal_uart.o
                                      0xc4053 (size before relaxing)
 .debug_str     0x00000000000c9ca8       0x74 ./FATFS/App/fatfs.o
                                      0xc6fa4 (size before relaxing)
 .debug_str     0x00000000000c9d1c       0xd3 ./FATFS/Target/user_diskio.o
                                      0xc6f5a (size before relaxing)
 .debug_str     0x00000000000c9def       0x52 ./Middlewares/Third_Party/FatFs/src/diskio.o
                                      0xc6ea0 (size before relaxing)
 .debug_str     0x00000000000c9e41     0x10e3 ./Middlewares/Third_Party/FatFs/src/ff.o
                                      0xc81a7 (size before relaxing)
 .debug_str     0x00000000000caf24       0x91 ./Middlewares/Third_Party/FatFs/src/ff_gen_drv.o
                                      0xc6ef1 (size before relaxing)
 .debug_str     0x00000000000cafb5       0x49 ./Middlewares/Third_Party/FatFs/src/option/ccsbcs.o
                                      0xc6c75 (size before relaxing)

.debug_frame    0x0000000000000000     0x31d0
 .debug_frame   0x0000000000000000      0x28c ./Core/Src/fatfs_sd.o
 .debug_frame   0x000000000000028c       0xc4 ./Core/Src/main.o
 .debug_frame   0x0000000000000350       0xc4 ./Core/Src/stm32f4xx_hal_msp.o
 .debug_frame   0x0000000000000414      0x104 ./Core/Src/stm32f4xx_it.o
 .debug_frame   0x0000000000000518       0x58 ./Core/Src/system_stm32f4xx.o
 .debug_frame   0x0000000000000570      0x374 ./Drivers/STM32F4xx_HAL_Driver/Src/stm32f4xx_hal.o
 .debug_frame   0x00000000000008e4      0x498 ./Drivers/STM32F4xx_HAL_Driver/Src/stm32f4xx_hal_cortex.o
 .debug_frame   0x0000000000000d7c      0x14c ./Drivers/STM32F4xx_HAL_Driver/Src/stm32f4xx_hal_gpio.o
 .debug_frame   0x0000000000000ec8      0x1f4 ./Drivers/STM32F4xx_HAL_Driver/Src/stm32f4xx_hal_rcc.o
 .debug_frame   0x00000000000010bc      0x1e8 ./Drivers/STM32F4xx_HAL_Driver/Src/stm32f4xx_hal_rcc_ex.o
 .debug_frame   0x00000000000012a4      0x824 ./Drivers/STM32F4xx_HAL_Driver/Src/stm32f4xx_hal_spi.o
 .debug_frame   0x0000000000001ac8      0x92c ./Drivers/STM32F4xx_HAL_Driver/Src/stm32f4xx_hal_uart.o
 .debug_frame   0x00000000000023f4       0x4c ./FATFS/App/fatfs.o
 .debug_frame   0x0000000000002440       0xc4 ./FATFS/Target/user_diskio.o
 .debug_frame   0x0000000000002504       0xec ./Middlewares/Third_Party/FatFs/src/diskio.o
 .debug_frame   0x00000000000025f0      0xa0c ./Middlewares/Third_Party/FatFs/src/ff.o
 .debug_frame   0x0000000000002ffc       0xc8 ./Middlewares/Third_Party/FatFs/src/ff_gen_drv.o
 .debug_frame   0x00000000000030c4       0x60 ./Middlewares/Third_Party/FatFs/src/option/ccsbcs.o
 .debug_frame   0x0000000000003124       0x20 /Applications/STM32CubeIDE.app/Contents/Eclipse/plugins/com.st.stm32cube.ide.mcu.externaltools.gnu-tools-for-stm32.11.3.rel1.macos64_1.1.1.202309131626/tools/bin/../lib/gcc/arm-none-eabi/11.3.1/../../../../arm-none-eabi/lib/thumb/v7e-m+fp/hard/libc_nano.a(libc_a-memset.o)
 .debug_frame   0x0000000000003144       0x2c /Applications/STM32CubeIDE.app/Contents/Eclipse/plugins/com.st.stm32cube.ide.mcu.externaltools.gnu-tools-for-stm32.11.3.rel1.macos64_1.1.1.202309131626/tools/bin/../lib/gcc/arm-none-eabi/11.3.1/../../../../arm-none-eabi/lib/thumb/v7e-m+fp/hard/libc_nano.a(libc_a-init.o)
 .debug_frame   0x0000000000003170       0x2c /Applications/STM32CubeIDE.app/Contents/Eclipse/plugins/com.st.stm32cube.ide.mcu.externaltools.gnu-tools-for-stm32.11.3.rel1.macos64_1.1.1.202309131626/tools/bin/../lib/gcc/arm-none-eabi/11.3.1/thumb/v7e-m+fp/hard/libgcc.a(_aeabi_uldivmod.o)
 .debug_frame   0x000000000000319c       0x34 /Applications/STM32CubeIDE.app/Contents/Eclipse/plugins/com.st.stm32cube.ide.mcu.externaltools.gnu-tools-for-stm32.11.3.rel1.macos64_1.1.1.202309131626/tools/bin/../lib/gcc/arm-none-eabi/11.3.1/thumb/v7e-m+fp/hard/libgcc.a(_udivmoddi4.o)

.debug_line_str
                0x0000000000000000       0x76
 .debug_line_str
                0x0000000000000000       0x76 ./Core/Startup/startup_stm32f446retx.o
                                         0x8e (size before relaxing)
