../Core/Src/main.c:94:6:Write_To_SD	192	static
../Core/Src/main.c:106:7:Read_Sensor0	24	static
../Core/Src/main.c:119:7:Read_Sensor1	24	static
../Core/Src/main.c:131:7:Read_Sensor2	24	static
../Core/Src/main.c:143:7:Transmit_Data	32	static
../Core/Src/main.c:171:5:main	8	static
../Core/Src/main.c:237:6:SystemClock_Config	88	static
../Core/Src/main.c:284:13:MX_ADC1_Init	24	static
../Core/Src/main.c:331:13:MX_CAN_Init	48	static
../Core/Src/main.c:383:13:MX_SPI1_Init	8	static
../Core/Src/main.c:421:13:MX_GPIO_Init	40	static
../Core/Src/main.c:471:6:Error_Handler	4	static,ignoring_inline_asm
